// Vitest Snapshot v1

exports[`App > Renders correctly 1`] = `
<div>
  <div
    class="Toastify"
  />
</div>
`;
